******************************************************************************
                  TI ARM Linker PC v18.1.2                     
******************************************************************************
>> Linked Wed Oct 31 13:28:13 2018

OUTPUT FILE NAME:   <ble5_spp_ble_server_cc2640r2lp_app.out>
ENTRY POINT SYMBOL: "ResetISR"  address: 00013a85


MEMORY CONFIGURATION

         name            origin    length      used     unused   attr    fill
----------------------  --------  ---------  --------  --------  ----  --------
  FLASH                 00000000   0001f000  0001a888  00004778  R  X
  FLASH_LAST_PAGE       0001f000   00001000  00000058  00000fa8  R  X
  GPRAM                 11000000   00002000  00000990  00001670  RW X
  SRAM                  20000000   00004400  00002f70  00001490  RW X


SEGMENT ALLOCATION MAP

run origin  load origin   length   init length attrs members
----------  ----------- ---------- ----------- ----- -------
00000000    00000000    0001988c   0001988c    r-x
  00000000    00000000    0000003c   0000003c    r-- .resetVecs
  0000003c    0000003c    00000fc4   00000fc4    r-x .text.1
  00001000    00001000    00000028   00000028    r-- .const:ti_sysbios_heaps_HeapMem_Module__FXNS__C
  00001028    00001028    00000024   00000024    r-- .const:ti_sysbios_gates_GateHwi_Module__FXNS__C
  0000104c    0000104c    00000024   00000024    r-- .const:ti_sysbios_gates_GateMutex_Module__FXNS__C
  00001070    00001070    00000020   00000020    r-- .const:ti_sysbios_family_arm_m3_Hwi_Object__DESC__C
  00001090    00001090    00000020   00000020    r-- .const:ti_sysbios_gates_GateHwi_Object__DESC__C
  000010b0    000010b0    00000020   00000020    r-- .const:ti_sysbios_gates_GateMutex_Object__DESC__C
  000010d0    000010d0    00000020   00000020    r-- .const:ti_sysbios_hal_Hwi_Object__DESC__C
  000010f0    000010f0    00000020   00000020    r-- .const:ti_sysbios_heaps_HeapMem_Object__DESC__C
  00001110    00001110    00000020   00000020    r-- .const:ti_sysbios_knl_Clock_Object__DESC__C
  00001130    00001130    00000020   00000020    r-- .const:ti_sysbios_knl_Event_Object__DESC__C
  00001150    00001150    00000020   00000020    r-- .const:ti_sysbios_knl_Mailbox_Object__DESC__C
  00001170    00001170    00000020   00000020    r-- .const:ti_sysbios_knl_Queue_Object__DESC__C
  00001190    00001190    00000020   00000020    r-- .const:ti_sysbios_knl_Semaphore_Object__DESC__C
  000011b0    000011b0    00000020   00000020    r-- .const:ti_sysbios_knl_Swi_Object__DESC__C
  000011d0    000011d0    00000020   00000020    r-- .const:ti_sysbios_knl_Task_Object__DESC__C
  000011f0    000011f0    00000008   00000008    r-- .const:ti_sysbios_knl_Idle_funcList__C
  000011f8    000011f8    00000004   00000004    r-- .const:ti_sysbios_family_arm_cc26xx_Timer_startupNeeded__C
  000011fc    000011fc    00000004   00000004    r-- .const:ti_sysbios_family_arm_m3_Hwi_E_alreadyDefined__C
  00001200    00001200    00000004   00000004    r-- .const:ti_sysbios_family_arm_m3_Hwi_E_hwiLimitExceeded__C
  00001204    00001204    00000004   00000004    r-- .const:ti_sysbios_family_arm_m3_Hwi_NUM_INTERRUPTS__C
  00001208    00001208    00000004   00000004    r-- .const:ti_sysbios_family_arm_m3_Hwi_Object__count__C
  0000120c    0000120c    00000004   00000004    r-- .const:ti_sysbios_family_arm_m3_Hwi_Object__table__C
  00001210    00001210    00000004   00000004    r-- .const:ti_sysbios_family_arm_m3_Hwi_ccr__C
  00001214    00001214    00000004   00000004    r-- .const:ti_sysbios_family_arm_m3_Hwi_excHandlerFunc__C
  00001218    00001218    00000004   00000004    r-- .const:ti_sysbios_family_arm_m3_Hwi_nullIsrFunc__C
  0000121c    0000121c    00000004   00000004    r-- .const:ti_sysbios_family_arm_m3_Hwi_numSparseInterrupts__C
  00001220    00001220    00000004   00000004    r-- .const:ti_sysbios_family_arm_m3_Hwi_priGroup__C
  00001224    00001224    00000004   00000004    r-- .const:ti_sysbios_family_arm_m3_TaskSupport_stackAlignment__C
  00001228    00001228    00000004   00000004    r-- .const:ti_sysbios_heaps_HeapMem_E_memory__C
  0000122c    0000122c    00000004   00000004    r-- .const:ti_sysbios_heaps_HeapMem_Module__gateObj__C
  00001230    00001230    00000004   00000004    r-- .const:ti_sysbios_heaps_HeapMem_Object__count__C
  00001234    00001234    00000004   00000004    r-- .const:ti_sysbios_heaps_HeapMem_Object__table__C
  00001238    00001238    00000004   00000004    r-- .const:ti_sysbios_heaps_HeapMem_reqAlign__C
  0000123c    0000123c    00000004   00000004    r-- .const:ti_sysbios_knl_Clock_triggerClock__C
  00001240    00001240    00000004   00000004    r-- .const:ti_sysbios_knl_Mailbox_Object__count__C
  00001244    00001244    00000004   00000004    r-- .const:ti_sysbios_knl_Mailbox_Object__table__C
  00001248    00001248    00000004   00000004    r-- .const:ti_sysbios_knl_Mailbox_maxTypeAlign__C
  0000124c    0000124c    00000004   00000004    r-- .const:ti_sysbios_knl_Queue_Object__count__C
  00001250    00001250    00000004   00000004    r-- .const:ti_sysbios_knl_Queue_Object__table__C
  00001254    00001254    00000004   00000004    r-- .const:ti_sysbios_knl_Semaphore_eventPost__C
  00001258    00001258    00000004   00000004    r-- .const:ti_sysbios_knl_Semaphore_eventSync__C
  0000125c    0000125c    00000004   00000004    r-- .const:ti_sysbios_knl_Swi_Object__count__C
  00001260    00001260    00000004   00000004    r-- .const:ti_sysbios_knl_Swi_Object__table__C
  00001264    00001264    00000004   00000004    r-- .const:ti_sysbios_knl_Swi_numPriorities__C
  00001268    00001268    00000004   00000004    r-- .const:ti_sysbios_knl_Task_Object__count__C
  0000126c    0000126c    00000004   00000004    r-- .const:ti_sysbios_knl_Task_Object__table__C
  00001270    00001270    00000004   00000004    r-- .const:ti_sysbios_knl_Task_allBlockedFunc__C
  00001274    00001274    00000004   00000004    r-- .const:ti_sysbios_knl_Task_defaultStackHeap__C
  00001278    00001278    00000004   00000004    r-- .const:ti_sysbios_knl_Task_defaultStackSize__C
  0000127c    0000127c    00000004   00000004    r-- .const:ti_sysbios_knl_Task_numConstructedTasks__C
  00001280    00001280    00000002   00000002    r-- .const:ti_sysbios_family_arm_cc26xx_Timer_Module__id__C
  00001282    00001282    00000002   00000002    r-- .const:ti_sysbios_family_arm_cc26xx_TimestampProvider_useClockTimer__C
  00001284    00001284    00000002   00000002    r-- .const:ti_sysbios_family_arm_m3_Hwi_Module__id__C
  00001286    00001286    00000002   00000002    r-- .const:ti_sysbios_gates_GateHwi_Module__id__C
  00001288    00001288    00000002   00000002    r-- .const:ti_sysbios_gates_GateMutex_Module__id__C
  0000128a    0000128a    00000002   00000002    r-- .const:ti_sysbios_heaps_HeapMem_Module__id__C
  0000128c    0000128c    00000002   00000002    r-- .const:ti_sysbios_knl_Task_initStackFlag__C
  0000128e    0000128e    00000001   00000001    r-- .const:ti_sysbios_knl_Clock_tickMode__C
  00001290    00001290    00000008   00000008    r-- .const:xdc_runtime_Startup_firstFxns__C
  00001298    00001298    00000008   00000008    r-- .const:xdc_runtime_Startup_lastFxns__C
  000012a0    000012a0    00000004   00000004    r-- .const:xdc_runtime_Assert_E_assertFailed__C
  000012a4    000012a4    00000004   00000004    r-- .const:xdc_runtime_Error_E_memory__C
  000012a8    000012a8    00000004   00000004    r-- .const:xdc_runtime_Error_policyFxn__C
  000012ac    000012ac    00000004   00000004    r-- .const:xdc_runtime_Error_raiseHook__C
  000012b0    000012b0    00000004   00000004    r-- .const:xdc_runtime_IGateProvider_Interface__BASE__C
  000012b4    000012b4    00000004   00000004    r-- .const:xdc_runtime_IHeap_Interface__BASE__C
  000012b8    000012b8    00000004   00000004    r-- .const:xdc_runtime_IModule_Interface__BASE__C
  000012bc    000012bc    00000004   00000004    r-- .const:xdc_runtime_Memory_defaultHeapInstance__C
  000012c0    000012c0    00000004   00000004    r-- .const:xdc_runtime_Startup_execImpl__C
  000012c4    000012c4    00000004   00000004    r-- .const:xdc_runtime_Startup_maxPasses__C
  000012c8    000012c8    00000004   00000004    r-- .const:xdc_runtime_Startup_sfxnRts__C
  000012cc    000012cc    00000004   00000004    r-- .const:xdc_runtime_Startup_sfxnTab__C
  000012d0    000012d0    00000004   00000004    r-- .const:xdc_runtime_Startup_startModsFxn__C
  000012d4    000012d4    00000004   00000004    r-- .const:xdc_runtime_SysCallback_abortFxn__C
  000012d8    000012d8    00000004   00000004    r-- .const:xdc_runtime_SysCallback_exitFxn__C
  000012dc    000012dc    00000004   00000004    r-- .const:xdc_runtime_System_abortFxn__C
  000012e0    000012e0    00000004   00000004    r-- .const:xdc_runtime_System_exitFxn__C
  000012e4    000012e4    00000004   00000004    r-- .const:xdc_runtime_System_maxAtexitHandlers__C
  000012e8    000012e8    00000004   00000004    r-- .const:xdc_runtime_Text_charTab__C
  000012ec    000012ec    00000004   00000004    r-- .const:xdc_runtime_Text_nameEmpty__C
  000012f0    000012f0    00000004   00000004    r-- .const:xdc_runtime_Text_nameStatic__C
  000012f4    000012f4    00000004   00000004    r-- .const:xdc_runtime_Text_nameUnknown__C
  000012f8    000012f8    00000002   00000002    r-- .const:xdc_runtime_Error_maxDepth__C
  000012fa    000012fa    00000002   00000002    r-- .const:xdc_runtime_Memory_Module__id__C
  000012fc    000012fc    00000002   00000002    r-- .const:xdc_runtime_Text_charCnt__C
  000012fe    000012fe    00000002   00000002    r-- .const:xdc_runtime_Text_isLoaded__C
  00001300    00001300    00000001   00000001    r-- .const:xdc_runtime_Error_policy__C
  00001304    00001304    00000004   00000004    r-- .const:ti_sysbios_rom_ROM_ti_sysbios_family_arm_cc26xx_Timer_getCount64__E
  00001308    00001308    00000004   00000004    r-- .const:ti_sysbios_rom_ROM_ti_sysbios_family_arm_cc26xx_Timer_getCurrentTick__E
  0000130c    0000130c    00000004   00000004    r-- .const:ti_sysbios_rom_ROM_ti_sysbios_family_arm_cc26xx_Timer_getMaxTicks__E
  00001310    00001310    00000004   00000004    r-- .const:ti_sysbios_rom_ROM_ti_sysbios_family_arm_cc26xx_Timer_initDevice__I
  00001314    00001314    00000004   00000004    r-- .const:ti_sysbios_rom_ROM_ti_sysbios_family_arm_cc26xx_Timer_setNextTick__E
  00001318    00001318    00000004   00000004    r-- .const:ti_sysbios_rom_ROM_ti_sysbios_family_arm_cc26xx_Timer_setThreshold__I
  0000131c    0000131c    00000004   00000004    r-- .const:ti_sysbios_rom_ROM_ti_sysbios_family_arm_cc26xx_Timer_start__E
  00001320    00001320    00000004   00000004    r-- .const:ti_sysbios_rom_ROM_ti_sysbios_family_arm_cc26xx_TimestampProvider_get32__E
  00001324    00001324    00000004   00000004    r-- .const:ti_sysbios_rom_ROM_xdc_runtime_Startup_getState__I
  00001328    00001328    00000004   00000004    r-- .const:ti_sysbios_rom_ROM_xdc_runtime_System_SupportProxy_abort__E
  0000132c    0000132c    00000004   00000004    r-- .const:ti_sysbios_rom_ROM_xdc_runtime_System_SupportProxy_exit__E
  00001330    00001330    000165f8   000165f8    r-x .text.2
  00017928    00017928    00001950   00001950    r-- .const
  00019278    00019278    00000090   00000090    r-- .rodata
  00019308    00019308    00000584   00000584    r-- .cinit
0001e000    0001e000    00001000   00001000    r--
  0001e000    0001e000    00001000   00001000    r-- .TI.bound:NV_FLASH
0001ffa8    0001ffa8    00000058   00000058    r--
  0001ffa8    0001ffa8    00000058   00000058    r-- .ccfg
11000000    11000000    00000990   00000000    rw-
  11000000    11000000    00000990   00000000    rw- .bss
20000100    20000100    00002aaa   00000000    rw-
  20000100    20000100    00000044   00000000    rw- .data:ti_sysbios_knl_Task_Module__state__V
  20000144    20000144    00000034   00000000    rw- .data:ti_sysbios_family_arm_m3_Hwi_Module__state__V
  20000178    20000178    0000002c   00000000    rw- .data:ti_sysbios_knl_Clock_Module__state__V
  200001a4    200001a4    00000024   00000000    rw- .data:ti_sysbios_BIOS_Module__state__V
  200001c8    200001c8    0000001c   00000000    rw- .data:ti_sysbios_knl_Swi_Module__state__V
  200001e4    200001e4    00000008   00000000    rw- .data:ti_sysbios_family_arm_cc26xx_Timer_Module__state__V
  200001ec    200001ec    00000004   00000000    rw- .data:ti_sysbios_family_arm_cc26xx_TimestampProvider_Module__state__V
  200001f0    200001f0    00000008   00000000    rw- .data:xdc_runtime_Startup_Module__state__V
  200001f8    200001f8    00000008   00000000    rw- .data:xdc_runtime_System_Module__state__V
  20000200    20000200    00000004   00000000    rw- .data:xdc_runtime_Memory_Module__state__V
  20000204    20000204    00000002   00000000    rw- .data:xdc_runtime_Error_Module__state__V
  20000208    20000208    0000295a   00000000    rw- .data
  20002b64    20002b64    00000046   00000000    rw- ll_bss
20004000    20004000    00000400   00000000    rw-
  20004000    20004000    00000400   00000000    rw- .stack


SECTION ALLOCATION MAP

 output                                  attributes/
section   page    origin      length       input sections
--------  ----  ----------  ----------   ----------------
.const:ti_sysbios_heaps_HeapMem_Module__FXNS__C 
*          0    00001000    00000028     
                  00001000    00000028     app_ble_pem3.oem3 (.const:ti_sysbios_heaps_HeapMem_Module__FXNS__C)

.const:ti_sysbios_gates_GateHwi_Module__FXNS__C 
*          0    00001028    00000024     
                  00001028    00000024     app_ble_pem3.oem3 (.const:ti_sysbios_gates_GateHwi_Module__FXNS__C)

.const:ti_sysbios_gates_GateMutex_Module__FXNS__C 
*          0    0000104c    00000024     
                  0000104c    00000024     app_ble_pem3.oem3 (.const:ti_sysbios_gates_GateMutex_Module__FXNS__C)

.const:ti_sysbios_family_arm_m3_Hwi_Object__DESC__C 
*          0    00001070    00000020     
                  00001070    00000020     app_ble_pem3.oem3 (.const:ti_sysbios_family_arm_m3_Hwi_Object__DESC__C)

.const:ti_sysbios_gates_GateHwi_Object__DESC__C 
*          0    00001090    00000020     
                  00001090    00000020     app_ble_pem3.oem3 (.const:ti_sysbios_gates_GateHwi_Object__DESC__C)

.const:ti_sysbios_gates_GateMutex_Object__DESC__C 
*          0    000010b0    00000020     
                  000010b0    00000020     app_ble_pem3.oem3 (.const:ti_sysbios_gates_GateMutex_Object__DESC__C)

.const:ti_sysbios_hal_Hwi_Object__DESC__C 
*          0    000010d0    00000020     
                  000010d0    00000020     app_ble_pem3.oem3 (.const:ti_sysbios_hal_Hwi_Object__DESC__C)

.const:ti_sysbios_heaps_HeapMem_Object__DESC__C 
*          0    000010f0    00000020     
                  000010f0    00000020     app_ble_pem3.oem3 (.const:ti_sysbios_heaps_HeapMem_Object__DESC__C)

.const:ti_sysbios_knl_Clock_Object__DESC__C 
*          0    00001110    00000020     
                  00001110    00000020     app_ble_pem3.oem3 (.const:ti_sysbios_knl_Clock_Object__DESC__C)

.const:ti_sysbios_knl_Event_Object__DESC__C 
*          0    00001130    00000020     
                  00001130    00000020     app_ble_pem3.oem3 (.const:ti_sysbios_knl_Event_Object__DESC__C)

.const:ti_sysbios_knl_Mailbox_Object__DESC__C 
*          0    00001150    00000020     
                  00001150    00000020     app_ble_pem3.oem3 (.const:ti_sysbios_knl_Mailbox_Object__DESC__C)

.const:ti_sysbios_knl_Queue_Object__DESC__C 
*          0    00001170    00000020     
                  00001170    00000020     app_ble_pem3.oem3 (.const:ti_sysbios_knl_Queue_Object__DESC__C)

.const:ti_sysbios_knl_Semaphore_Object__DESC__C 
*          0    00001190    00000020     
                  00001190    00000020     app_ble_pem3.oem3 (.const:ti_sysbios_knl_Semaphore_Object__DESC__C)

.const:ti_sysbios_knl_Swi_Object__DESC__C 
*          0    000011b0    00000020     
                  000011b0    00000020     app_ble_pem3.oem3 (.const:ti_sysbios_knl_Swi_Object__DESC__C)

.const:ti_sysbios_knl_Task_Object__DESC__C 
*          0    000011d0    00000020     
                  000011d0    00000020     app_ble_pem3.oem3 (.const:ti_sysbios_knl_Task_Object__DESC__C)

.const:ti_sysbios_knl_Idle_funcList__C 
*          0    000011f0    00000008     
                  000011f0    00000008     app_ble_pem3.oem3 (.const:ti_sysbios_knl_Idle_funcList__C)

.const:ti_sysbios_family_arm_cc26xx_Timer_startupNeeded__C 
*          0    000011f8    00000004     
                  000011f8    00000004     app_ble_pem3.oem3 (.const:ti_sysbios_family_arm_cc26xx_Timer_startupNeeded__C)

.const:ti_sysbios_family_arm_m3_Hwi_E_alreadyDefined__C 
*          0    000011fc    00000004     
                  000011fc    00000004     app_ble_pem3.oem3 (.const:ti_sysbios_family_arm_m3_Hwi_E_alreadyDefined__C)

.const:ti_sysbios_family_arm_m3_Hwi_E_hwiLimitExceeded__C 
*          0    00001200    00000004     
                  00001200    00000004     app_ble_pem3.oem3 (.const:ti_sysbios_family_arm_m3_Hwi_E_hwiLimitExceeded__C)

.const:ti_sysbios_family_arm_m3_Hwi_NUM_INTERRUPTS__C 
*          0    00001204    00000004     
                  00001204    00000004     app_ble_pem3.oem3 (.const:ti_sysbios_family_arm_m3_Hwi_NUM_INTERRUPTS__C)

.const:ti_sysbios_family_arm_m3_Hwi_Object__count__C 
*          0    00001208    00000004     
                  00001208    00000004     app_ble_pem3.oem3 (.const:ti_sysbios_family_arm_m3_Hwi_Object__count__C)

.const:ti_sysbios_family_arm_m3_Hwi_Object__table__C 
*          0    0000120c    00000004     
                  0000120c    00000004     app_ble_pem3.oem3 (.const:ti_sysbios_family_arm_m3_Hwi_Object__table__C)

.const:ti_sysbios_family_arm_m3_Hwi_ccr__C 
*          0    00001210    00000004     
                  00001210    00000004     app_ble_pem3.oem3 (.const:ti_sysbios_family_arm_m3_Hwi_ccr__C)

.const:ti_sysbios_family_arm_m3_Hwi_excHandlerFunc__C 
*          0    00001214    00000004     
                  00001214    00000004     app_ble_pem3.oem3 (.const:ti_sysbios_family_arm_m3_Hwi_excHandlerFunc__C)

.const:ti_sysbios_family_arm_m3_Hwi_nullIsrFunc__C 
*          0    00001218    00000004     
                  00001218    00000004     app_ble_pem3.oem3 (.const:ti_sysbios_family_arm_m3_Hwi_nullIsrFunc__C)

.const:ti_sysbios_family_arm_m3_Hwi_numSparseInterrupts__C 
*          0    0000121c    00000004     
                  0000121c    00000004     app_ble_pem3.oem3 (.const:ti_sysbios_family_arm_m3_Hwi_numSparseInterrupts__C)

.const:ti_sysbios_family_arm_m3_Hwi_priGroup__C 
*          0    00001220    00000004     
                  00001220    00000004     app_ble_pem3.oem3 (.const:ti_sysbios_family_arm_m3_Hwi_priGroup__C)

.const:ti_sysbios_family_arm_m3_TaskSupport_stackAlignment__C 
*          0    00001224    00000004     
                  00001224    00000004     app_ble_pem3.oem3 (.const:ti_sysbios_family_arm_m3_TaskSupport_stackAlignment__C)

.const:ti_sysbios_heaps_HeapMem_E_memory__C 
*          0    00001228    00000004     
                  00001228    00000004     app_ble_pem3.oem3 (.const:ti_sysbios_heaps_HeapMem_E_memory__C)

.const:ti_sysbios_heaps_HeapMem_Module__gateObj__C 
*          0    0000122c    00000004     
                  0000122c    00000004     app_ble_pem3.oem3 (.const:ti_sysbios_heaps_HeapMem_Module__gateObj__C)

.const:ti_sysbios_heaps_HeapMem_Object__count__C 
*          0    00001230    00000004     
                  00001230    00000004     app_ble_pem3.oem3 (.const:ti_sysbios_heaps_HeapMem_Object__count__C)

.const:ti_sysbios_heaps_HeapMem_Object__table__C 
*          0    00001234    00000004     
                  00001234    00000004     app_ble_pem3.oem3 (.const:ti_sysbios_heaps_HeapMem_Object__table__C)

.const:ti_sysbios_heaps_HeapMem_reqAlign__C 
*          0    00001238    00000004     
                  00001238    00000004     app_ble_pem3.oem3 (.const:ti_sysbios_heaps_HeapMem_reqAlign__C)

.const:ti_sysbios_knl_Clock_triggerClock__C 
*          0    0000123c    00000004     
                  0000123c    00000004     app_ble_pem3.oem3 (.const:ti_sysbios_knl_Clock_triggerClock__C)

.const:ti_sysbios_knl_Mailbox_Object__count__C 
*          0    00001240    00000004     
                  00001240    00000004     app_ble_pem3.oem3 (.const:ti_sysbios_knl_Mailbox_Object__count__C)

.const:ti_sysbios_knl_Mailbox_Object__table__C 
*          0    00001244    00000004     
                  00001244    00000004     app_ble_pem3.oem3 (.const:ti_sysbios_knl_Mailbox_Object__table__C)

.const:ti_sysbios_knl_Mailbox_maxTypeAlign__C 
*          0    00001248    00000004     
                  00001248    00000004     app_ble_pem3.oem3 (.const:ti_sysbios_knl_Mailbox_maxTypeAlign__C)

.const:ti_sysbios_knl_Queue_Object__count__C 
*          0    0000124c    00000004     
                  0000124c    00000004     app_ble_pem3.oem3 (.const:ti_sysbios_knl_Queue_Object__count__C)

.const:ti_sysbios_knl_Queue_Object__table__C 
*          0    00001250    00000004     
                  00001250    00000004     app_ble_pem3.oem3 (.const:ti_sysbios_knl_Queue_Object__table__C)

.const:ti_sysbios_knl_Semaphore_eventPost__C 
*          0    00001254    00000004     
                  00001254    00000004     app_ble_pem3.oem3 (.const:ti_sysbios_knl_Semaphore_eventPost__C)

.const:ti_sysbios_knl_Semaphore_eventSync__C 
*          0    00001258    00000004     
                  00001258    00000004     app_ble_pem3.oem3 (.const:ti_sysbios_knl_Semaphore_eventSync__C)

.const:ti_sysbios_knl_Swi_Object__count__C 
*          0    0000125c    00000004     
                  0000125c    00000004     app_ble_pem3.oem3 (.const:ti_sysbios_knl_Swi_Object__count__C)

.const:ti_sysbios_knl_Swi_Object__table__C 
*          0    00001260    00000004     
                  00001260    00000004     app_ble_pem3.oem3 (.const:ti_sysbios_knl_Swi_Object__table__C)

.const:ti_sysbios_knl_Swi_numPriorities__C 
*          0    00001264    00000004     
                  00001264    00000004     app_ble_pem3.oem3 (.const:ti_sysbios_knl_Swi_numPriorities__C)

.const:ti_sysbios_knl_Task_Object__count__C 
*          0    00001268    00000004     
                  00001268    00000004     app_ble_pem3.oem3 (.const:ti_sysbios_knl_Task_Object__count__C)

.const:ti_sysbios_knl_Task_Object__table__C 
*          0    0000126c    00000004     
                  0000126c    00000004     app_ble_pem3.oem3 (.const:ti_sysbios_knl_Task_Object__table__C)

.const:ti_sysbios_knl_Task_allBlockedFunc__C 
*          0    00001270    00000004     
                  00001270    00000004     app_ble_pem3.oem3 (.const:ti_sysbios_knl_Task_allBlockedFunc__C)

.const:ti_sysbios_knl_Task_defaultStackHeap__C 
*          0    00001274    00000004     
                  00001274    00000004     app_ble_pem3.oem3 (.const:ti_sysbios_knl_Task_defaultStackHeap__C)

.const:ti_sysbios_knl_Task_defaultStackSize__C 
*          0    00001278    00000004     
                  00001278    00000004     app_ble_pem3.oem3 (.const:ti_sysbios_knl_Task_defaultStackSize__C)

.const:ti_sysbios_knl_Task_numConstructedTasks__C 
*          0    0000127c    00000004     
                  0000127c    00000004     app_ble_pem3.oem3 (.const:ti_sysbios_knl_Task_numConstructedTasks__C)

.const:ti_sysbios_family_arm_cc26xx_Timer_Module__id__C 
*          0    00001280    00000002     
                  00001280    00000002     app_ble_pem3.oem3 (.const:ti_sysbios_family_arm_cc26xx_Timer_Module__id__C)

.const:ti_sysbios_family_arm_cc26xx_TimestampProvider_useClockTimer__C 
*          0    00001282    00000002     
                  00001282    00000002     app_ble_pem3.oem3 (.const:ti_sysbios_family_arm_cc26xx_TimestampProvider_useClockTimer__C)

.const:ti_sysbios_family_arm_m3_Hwi_Module__id__C 
*          0    00001284    00000002     
                  00001284    00000002     app_ble_pem3.oem3 (.const:ti_sysbios_family_arm_m3_Hwi_Module__id__C)

.const:ti_sysbios_gates_GateHwi_Module__id__C 
*          0    00001286    00000002     
                  00001286    00000002     app_ble_pem3.oem3 (.const:ti_sysbios_gates_GateHwi_Module__id__C)

.const:ti_sysbios_gates_GateMutex_Module__id__C 
*          0    00001288    00000002     
                  00001288    00000002     app_ble_pem3.oem3 (.const:ti_sysbios_gates_GateMutex_Module__id__C)

.const:ti_sysbios_heaps_HeapMem_Module__id__C 
*          0    0000128a    00000002     
                  0000128a    00000002     app_ble_pem3.oem3 (.const:ti_sysbios_heaps_HeapMem_Module__id__C)

.const:ti_sysbios_knl_Task_initStackFlag__C 
*          0    0000128c    00000002     
                  0000128c    00000002     app_ble_pem3.oem3 (.const:ti_sysbios_knl_Task_initStackFlag__C)

.const:ti_sysbios_knl_Clock_tickMode__C 
*          0    0000128e    00000001     
                  0000128e    00000001     app_ble_pem3.oem3 (.const:ti_sysbios_knl_Clock_tickMode__C)

.const:xdc_runtime_Startup_firstFxns__C 
*          0    00001290    00000008     
                  00001290    00000008     app_ble_pem3.oem3 (.const:xdc_runtime_Startup_firstFxns__C)

.const:xdc_runtime_Startup_lastFxns__C 
*          0    00001298    00000008     
                  00001298    00000008     app_ble_pem3.oem3 (.const:xdc_runtime_Startup_lastFxns__C)

.const:xdc_runtime_Assert_E_assertFailed__C 
*          0    000012a0    00000004     
                  000012a0    00000004     app_ble_pem3.oem3 (.const:xdc_runtime_Assert_E_assertFailed__C)

.const:xdc_runtime_Error_E_memory__C 
*          0    000012a4    00000004     
                  000012a4    00000004     app_ble_pem3.oem3 (.const:xdc_runtime_Error_E_memory__C)

.const:xdc_runtime_Error_policyFxn__C 
*          0    000012a8    00000004     
                  000012a8    00000004     app_ble_pem3.oem3 (.const:xdc_runtime_Error_policyFxn__C)

.const:xdc_runtime_Error_raiseHook__C 
*          0    000012ac    00000004     
                  000012ac    00000004     app_ble_pem3.oem3 (.const:xdc_runtime_Error_raiseHook__C)

.const:xdc_runtime_IGateProvider_Interface__BASE__C 
*          0    000012b0    00000004     
                  000012b0    00000004     app_ble_pem3.oem3 (.const:xdc_runtime_IGateProvider_Interface__BASE__C)

.const:xdc_runtime_IHeap_Interface__BASE__C 
*          0    000012b4    00000004     
                  000012b4    00000004     app_ble_pem3.oem3 (.const:xdc_runtime_IHeap_Interface__BASE__C)

.const:xdc_runtime_IModule_Interface__BASE__C 
*          0    000012b8    00000004     
                  000012b8    00000004     app_ble_pem3.oem3 (.const:xdc_runtime_IModule_Interface__BASE__C)

.const:xdc_runtime_Memory_defaultHeapInstance__C 
*          0    000012bc    00000004     
                  000012bc    00000004     app_ble_pem3.oem3 (.const:xdc_runtime_Memory_defaultHeapInstance__C)

.const:xdc_runtime_Startup_execImpl__C 
*          0    000012c0    00000004     
                  000012c0    00000004     app_ble_pem3.oem3 (.const:xdc_runtime_Startup_execImpl__C)

.const:xdc_runtime_Startup_maxPasses__C 
*          0    000012c4    00000004     
                  000012c4    00000004     app_ble_pem3.oem3 (.const:xdc_runtime_Startup_maxPasses__C)

.const:xdc_runtime_Startup_sfxnRts__C 
*          0    000012c8    00000004     
                  000012c8    00000004     app_ble_pem3.oem3 (.const:xdc_runtime_Startup_sfxnRts__C)

.const:xdc_runtime_Startup_sfxnTab__C 
*          0    000012cc    00000004     
                  000012cc    00000004     app_ble_pem3.oem3 (.const:xdc_runtime_Startup_sfxnTab__C)

.const:xdc_runtime_Startup_startModsFxn__C 
*          0    000012d0    00000004     
                  000012d0    00000004     app_ble_pem3.oem3 (.const:xdc_runtime_Startup_startModsFxn__C)

.const:xdc_runtime_SysCallback_abortFxn__C 
*          0    000012d4    00000004     
                  000012d4    00000004     app_ble_pem3.oem3 (.const:xdc_runtime_SysCallback_abortFxn__C)

.const:xdc_runtime_SysCallback_exitFxn__C 
*          0    000012d8    00000004     
                  000012d8    00000004     app_ble_pem3.oem3 (.const:xdc_runtime_SysCallback_exitFxn__C)

.const:xdc_runtime_System_abortFxn__C 
*          0    000012dc    00000004     
                  000012dc    00000004     app_ble_pem3.oem3 (.const:xdc_runtime_System_abortFxn__C)

.const:xdc_runtime_System_exitFxn__C 
*          0    000012e0    00000004     
                  000012e0    00000004     app_ble_pem3.oem3 (.const:xdc_runtime_System_exitFxn__C)

.const:xdc_runtime_System_maxAtexitHandlers__C 
*          0    000012e4    00000004     
                  000012e4    00000004     app_ble_pem3.oem3 (.const:xdc_runtime_System_maxAtexitHandlers__C)

.const:xdc_runtime_Text_charTab__C 
*          0    000012e8    00000004     
                  000012e8    00000004     app_ble_pem3.oem3 (.const:xdc_runtime_Text_charTab__C)

.const:xdc_runtime_Text_nameEmpty__C 
*          0    000012ec    00000004     
                  000012ec    00000004     app_ble_pem3.oem3 (.const:xdc_runtime_Text_nameEmpty__C)

.const:xdc_runtime_Text_nameStatic__C 
*          0    000012f0    00000004     
                  000012f0    00000004     app_ble_pem3.oem3 (.const:xdc_runtime_Text_nameStatic__C)

.const:xdc_runtime_Text_nameUnknown__C 
*          0    000012f4    00000004     
                  000012f4    00000004     app_ble_pem3.oem3 (.const:xdc_runtime_Text_nameUnknown__C)

.const:xdc_runtime_Error_maxDepth__C 
*          0    000012f8    00000002     
                  000012f8    00000002     app_ble_pem3.oem3 (.const:xdc_runtime_Error_maxDepth__C)

.const:xdc_runtime_Memory_Module__id__C 
*          0    000012fa    00000002     
                  000012fa    00000002     app_ble_pem3.oem3 (.const:xdc_runtime_Memory_Module__id__C)

.const:xdc_runtime_Text_charCnt__C 
*          0    000012fc    00000002     
                  000012fc    00000002     app_ble_pem3.oem3 (.const:xdc_runtime_Text_charCnt__C)

.const:xdc_runtime_Text_isLoaded__C 
*          0    000012fe    00000002     
                  000012fe    00000002     app_ble_pem3.oem3 (.const:xdc_runtime_Text_isLoaded__C)

.const:xdc_runtime_Error_policy__C 
*          0    00001300    00000001     
                  00001300    00000001     app_ble_pem3.oem3 (.const:xdc_runtime_Error_policy__C)

.const:ti_sysbios_rom_ROM_ti_sysbios_family_arm_cc26xx_Timer_getCount64__E 
*          0    00001304    00000004     
                  00001304    00000004     app_ble_pem3.oem3 (.const:ti_sysbios_rom_ROM_ti_sysbios_family_arm_cc26xx_Timer_getCount64__E)

.const:ti_sysbios_rom_ROM_ti_sysbios_family_arm_cc26xx_Timer_getCurrentTick__E 
*          0    00001308    00000004     
                  00001308    00000004     app_ble_pem3.oem3 (.const:ti_sysbios_rom_ROM_ti_sysbios_family_arm_cc26xx_Timer_getCurrentTick__E)

.const:ti_sysbios_rom_ROM_ti_sysbios_family_arm_cc26xx_Timer_getMaxTicks__E 
*          0    0000130c    00000004     
                  0000130c    00000004     app_ble_pem3.oem3 (.const:ti_sysbios_rom_ROM_ti_sysbios_family_arm_cc26xx_Timer_getMaxTicks__E)

.const:ti_sysbios_rom_ROM_ti_sysbios_family_arm_cc26xx_Timer_initDevice__I 
*          0    00001310    00000004     
                  00001310    00000004     app_ble_pem3.oem3 (.const:ti_sysbios_rom_ROM_ti_sysbios_family_arm_cc26xx_Timer_initDevice__I)

.const:ti_sysbios_rom_ROM_ti_sysbios_family_arm_cc26xx_Timer_setNextTick__E 
*          0    00001314    00000004     
                  00001314    00000004     app_ble_pem3.oem3 (.const:ti_sysbios_rom_ROM_ti_sysbios_family_arm_cc26xx_Timer_setNextTick__E)

.const:ti_sysbios_rom_ROM_ti_sysbios_family_arm_cc26xx_Timer_setThreshold__I 
*          0    00001318    00000004     
                  00001318    00000004     app_ble_pem3.oem3 (.const:ti_sysbios_rom_ROM_ti_sysbios_family_arm_cc26xx_Timer_setThreshold__I)

.const:ti_sysbios_rom_ROM_ti_sysbios_family_arm_cc26xx_Timer_start__E 
*          0    0000131c    00000004     
                  0000131c    00000004     app_ble_pem3.oem3 (.const:ti_sysbios_rom_ROM_ti_sysbios_family_arm_cc26xx_Timer_start__E)

.const:ti_sysbios_rom_ROM_ti_sysbios_family_arm_cc26xx_TimestampProvider_get32__E 
*          0    00001320    00000004     
                  00001320    00000004     app_ble_pem3.oem3 (.const:ti_sysbios_rom_ROM_ti_sysbios_family_arm_cc26xx_TimestampProvider_get32__E)

.const:ti_sysbios_rom_ROM_xdc_runtime_Startup_getState__I 
*          0    00001324    00000004     
                  00001324    00000004     app_ble_pem3.oem3 (.const:ti_sysbios_rom_ROM_xdc_runtime_Startup_getState__I)

.const:ti_sysbios_rom_ROM_xdc_runtime_System_SupportProxy_abort__E 
*          0    00001328    00000004     
                  00001328    00000004     app_ble_pem3.oem3 (.const:ti_sysbios_rom_ROM_xdc_runtime_System_SupportProxy_abort__E)

.const:ti_sysbios_rom_ROM_xdc_runtime_System_SupportProxy_exit__E 
*          0    0000132c    00000004     
                  0000132c    00000004     app_ble_pem3.oem3 (.const:ti_sysbios_rom_ROM_xdc_runtime_System_SupportProxy_exit__E)

.bss       0    11000000    00000990     UNINITIALIZED
                  11000000    00000278     cc2640_ll_pxxx.a : ll_privacy.o (.bss)
                  11000278    00000200     app_ble_pem3.oem3 (.bss:taskStackSection)
                  11000478    0000012c     (.common:uartCC26XXObjects)
                  110005a4    00000110     drivers_cc26x0r2.aem3 : PINCC26XX.oem3 (.bss:$O1$$)
                  110006b4    000000c8     (.common:ti_sysbios_family_arm_m3_Hwi_dispatchTable)
                  1100077c    000000bc     aes.obj (.bss:$O6$$)
                  11000838    00000080     (.common:cryptoCC26XXObjects)
                  110008b8    00000038     cc2640_ll_pxxx.a : ble.o (.bss)
                  110008f0    0000001c     drivers_cc26x0r2.aem3 : CryptoCC26XX.oem3 (.bss:CryptoSem)
                  1100090c    0000001c     cc2640_ll_pxxx.a : ble.o (.bss)
                  11000928    00000014     driverlib.lib : osc.obj (.bss:oscHfGlobals$75)
                  1100093c    0000000c     ble5_spp_ble_server_cc2640r2lp_stack_library.lib : osal_timers.obj (.bss:$O30$$)
                  11000948    0000000c     cc2640_ll_pxxx.a : ll_scheduler.o (.bss)
                  11000954    00000008     dpl_cc26x0r2.aem3 : PowerCC26XX_tirtos.oem3 (.bss:$O1$$)
                  1100095c    00000008     driverlib.lib : sys_ctrl.obj (.bss:powerQualGlobals$78)
                  11000964    00000008     rf_singleMode_cc26x0r2.aem3 : RFCC26XX_singleMode.oem3 (.bss)
                  1100096c    00000004     cc2640_ll_pxxx.a : ble.o (.bss)
                  11000970    00000004                      : ble.o (.bss)
                  11000974    00000004     cc26xx_gatt_pxxx.a : gatt_client.o (.bss)
                  11000978    00000004     (.common:ClockP_tickPeriod)
                  1100097c    00000004     (.common:tasksEvents)
                  11000980    00000004     (.common:trngCC26XXObjects)
                  11000984    00000002     cc2640_ll_pxxx.a : ll_slave_end_causes.o (.bss)
                  11000986    00000002     drivers_cc26x0r2.aem3 : UARTCC26XX.oem3 (.bss)
                  11000988    00000001     cc26xx_hci_tl_none.a : hci_tl.o (.bss)
                  11000989    00000001                          : hci_tl.o (.bss)
                  1100098a    00000001                          : hci_tl.o (.bss)
                  1100098b    00000001                          : hci_tl.o (.bss)
                  1100098c    00000001                          : hci_tl.o (.bss)
                  1100098d    00000001     (.common:driverlib_release_0_48919)
                  1100098e    00000001     (.common:g_hwiInt)
                  1100098f    00000001     (.common:icall_liteTaskId)

.data:ti_sysbios_knl_Task_Module__state__V 
*          0    20000100    00000044     UNINITIALIZED
                  20000100    00000044     app_ble_pem3.oem3 (.data:ti_sysbios_knl_Task_Module__state__V)

.data:ti_sysbios_family_arm_m3_Hwi_Module__state__V 
*          0    20000144    00000034     UNINITIALIZED
                  20000144    00000034     app_ble_pem3.oem3 (.data:ti_sysbios_family_arm_m3_Hwi_Module__state__V)

.data:ti_sysbios_knl_Clock_Module__state__V 
*          0    20000178    0000002c     UNINITIALIZED
                  20000178    0000002c     app_ble_pem3.oem3 (.data:ti_sysbios_knl_Clock_Module__state__V)

.data:ti_sysbios_BIOS_Module__state__V 
*          0    200001a4    00000024     UNINITIALIZED
                  200001a4    00000024     app_ble_pem3.oem3 (.data:ti_sysbios_BIOS_Module__state__V)

.data:ti_sysbios_knl_Swi_Module__state__V 
*          0    200001c8    0000001c     UNINITIALIZED
                  200001c8    0000001c     app_ble_pem3.oem3 (.data:ti_sysbios_knl_Swi_Module__state__V)

.data:ti_sysbios_family_arm_cc26xx_Timer_Module__state__V 
*          0    200001e4    00000008     UNINITIALIZED
                  200001e4    00000008     app_ble_pem3.oem3 (.data:ti_sysbios_family_arm_cc26xx_Timer_Module__state__V)

.data:ti_sysbios_family_arm_cc26xx_TimestampProvider_Module__state__V 
*          0    200001ec    00000004     UNINITIALIZED
                  200001ec    00000004     app_ble_pem3.oem3 (.data:ti_sysbios_family_arm_cc26xx_TimestampProvider_Module__state__V)

.data:xdc_runtime_Startup_Module__state__V 
*          0    200001f0    00000008     UNINITIALIZED
                  200001f0    00000008     app_ble_pem3.oem3 (.data:xdc_runtime_Startup_Module__state__V)

.data:xdc_runtime_System_Module__state__V 
*          0    200001f8    00000008     UNINITIALIZED
                  200001f8    00000008     app_ble_pem3.oem3 (.data:xdc_runtime_System_Module__state__V)

.data:xdc_runtime_Memory_Module__state__V 
*          0    20000200    00000004     UNINITIALIZED
                  20000200    00000004     app_ble_pem3.oem3 (.data:xdc_runtime_Memory_Module__state__V)

.data:xdc_runtime_Error_Module__state__V 
*          0    20000204    00000002     UNINITIALIZED
                  20000204    00000002     app_ble_pem3.oem3 (.data:xdc_runtime_Error_Module__state__V)

.bootVecs 
*          0    00000000    00000008     DSECT
                  00000000    00000008     boot.aem3 : boot.oem3 (.bootVecs)

.resetVecs 
*          0    00000000    0000003c     
                  00000000    0000003c     app_ble_pem3.oem3 (.resetVecs)

.vecs      0    20000000    000000c8     NOLOAD SECTION
                  20000000    000000c8     app_ble_pem3.oem3 (.vecs)

xdc.meta   0    00000000    0000012e     COPY SECTION
                  00000000    0000012e     app_ble_pem3.oem3 (xdc.meta)

xdc.noload 
*          0    00000000    00000000     COPY SECTION

.cinit     0    00019308    00000584     
                  00019308    00000429     (.cinit..data.load) [load image, compression = lzss]
                  00019731    0000002b     (.cinit..data:ti_sysbios_family_arm_m3_Hwi_Module__state__V.load) [load image, compression = lzss]
                  0001975c    00000021     (.cinit..data:ti_sysbios_knl_Task_Module__state__V.load) [load image, compression = lzss]
                  0001977d    0000001f     (.cinit..data:ti_sysbios_BIOS_Module__state__V.load) [load image, compression = lzss]
                  0001979c    0000001d     (.cinit..data:ti_sysbios_knl_Clock_Module__state__V.load) [load image, compression = lzss]
                  000197b9    00000010     (.cinit..data:ti_sysbios_knl_Swi_Module__state__V.load) [load image, compression = lzss]
                  000197c9    00000003     --HOLE-- [fill = 0]
                  000197cc    0000000c     (__TI_handler_table)
                  000197d8    0000000b     (.cinit..data:ti_sysbios_family_arm_cc26xx_Timer_Module__state__V.load) [load image, compression = lzss]
                  000197e3    00000005     --HOLE-- [fill = 0]
                  000197e8    00000008     (.cinit..bss.load) [load image, compression = zero_init]
                  000197f0    00000008     (.cinit..data:xdc_runtime_Memory_Module__state__V.load) [load image, compression = lzss]
                  000197f8    00000008     (.cinit.ll_bss.load) [load image, compression = zero_init]
                  00019800    00000007     (.cinit..data:ti_sysbios_family_arm_cc26xx_TimestampProvider_Module__state__V.load) [load image, compression = lzss]
                  00019807    00000007     (.cinit..data:xdc_runtime_Startup_Module__state__V.load) [load image, compression = lzss]
                  0001980e    00000007     (.cinit..data:xdc_runtime_System_Module__state__V.load) [load image, compression = lzss]
                  00019815    00000006     (.cinit..data:xdc_runtime_Error_Module__state__V.load) [load image, compression = lzss]
                  0001981b    00000001     --HOLE-- [fill = 0]
                  0001981c    00000070     (__TI_cinit_table)

.init_array 
*          0    00000000    00000000     UNINITIALIZED

.ccfg      0    0001ffa8    00000058     
                  0001ffa8    00000058     ccfg_app_ble.obj (.ccfg:retain)

.data      0    20000208    0000295a     UNINITIALIZED
                  20000208    00000b50     ingeek_ble_server.obj (.data:$O2$$)
                  20000d58    00000480     sdi_task.obj (.data:$O21$$)
                  200011d8    000003d0     ingeek_ble_profile.obj (.data:$O16$$)
                  200015a8    00000340     peripheral.obj (.data:$O17$$)
                  200018e8    00000238     rf_singleMode_cc26x0r2.aem3 : RFCC26XX_singleMode.oem3 (.data:$O1$$)
                  20001b20    00000234     sdi_tl.obj (.data:$O22$$)
                  20001d54    000001d4     devinfoservice.obj (.data:$O14$$)
                  20001f28    000001c4     security_digital_key.obj (.data:$O4$$)
                  200020ec    00000180     ble5_spp_ble_server_cc2640r2lp_stack_library.lib : gapbondmgr.obj (.data:$O31$$)
                  2000226c    00000114     sdi_rxbuf.obj (.data:$O20$$)
                  20002380    00000114     drivers_cc26x0r2.aem3 : PowerCC26XX.oem3 (.data:PowerCC26XX_module)
                  20002494    000000bc     sdi_tl_uart.obj (.data:$O23$$)
                  20002550    000000a8     icall.obj (.data:$O11$$)
                  200025f8    00000090     cc26xx_profiles_pxxx.a : gapgattserver.o (.data)
                  20002688    0000007c     ble5_spp_ble_server_cc2640r2lp_stack_library.lib : osal_cbtimer.obj (.data:$O27$$)
                  20002704    0000004c     app_ble_pem3.oem3 (.data:ti_sysbios_knl_Task_Object__table__V)
                  20002750    00000048     app_ble_pem3.oem3 (.data:ti_sysbios_family_arm_cc26xx_Timer_Object__table__V)
                  20002798    0000003c     cc2640_ll_pxxx.a : ll_config.o (.data)
                  200027d4    00000038     app_ble_pem3.oem3 (.data:ti_sysbios_gates_GateMutex_Object__table__V)
                  2000280c    00000030     app_ble_pem3.oem3 (.data:ti_sysbios_knl_Swi_Module_State_0_readyQ__A)
                  2000283c    00000030     app_ble_pem3.oem3 (.data:ti_sysbios_knl_Swi_Object__table__V)
                  2000286c    00000030     app_ble_pem3.oem3 (.data:ti_sysbios_knl_Task_Module_State_0_readyQ__A)
                  2000289c    0000002c     ble5_spp_ble_server_cc2640r2lp_stack_library.lib : osal.obj (.data:$O26$$)
                  200028c8    00000024     cc26xx_profiles_pxxx.a : gapgattserver.o (.data)
                  200028ec    00000020     app_ble_pem3.oem3 (.data:ti_sysbios_knl_Clock_Object__table__V)
                  2000290c    00000020     app_ble_pem3.oem3 (.data:xdc_runtime_Error_IgnoreBlock)
                  2000292c    0000001e     ingeek_ble_profile.obj (.data:DigitalkeyServiceversionUserDesp$19)
                  2000294a    0000001c     ingeek_ble_profile.obj (.data:DigitalkeyServicesessionUserDesp$19)
                  20002966    00000002     cc26xx_sm_pxxx.a : sm_mgr.o (.data)
                  20002968    00000018     app_ble_pem3.oem3 (.data:ti_sysbios_family_arm_m3_Hwi_Object__table__V)
                  20002980    00000017     ingeek_ble_profile.obj (.data:DigitalkeyServicerssiUserDesp$19)
                  20002997    00000017     ingeek_ble_profile.obj (.data:DigitalkeyServicestatusUserDesp$19)
                  200029ae    00000015     ingeek_ble_profile.obj (.data:DigitalkeyServiceauthUserDesp$19)
                  200029c3    00000015     ingeek_ble_profile.obj (.data:DigitalkeyServicecmdUserDesp$19)
                  200029d8    00000015     ingeek_ble_profile.obj (.data:DigitalkeyServiceinfoUserDesp$19)
                  200029ed    00000001     TRNGCC26XX.obj (.data)
                  200029ee    00000002     app_ble_pem3.oem3 (.data:ti_sysbios_family_arm_m3_Hwi_Module_State_0_excActive__A)
                  200029f0    00000010     icall_user_config.obj (.data:bleAppServiceInfoTable)
                  20002a00    00000010     cc2640_ll_pxxx.a : ll.o (.data)
                  20002a10    00000010     cc26xx_profiles_pxxx.a : gattservapp.o (.data)
                  20002a20    00000010     icall_api_lite.obj (.data)
                  20002a30    00000010     ble_user_config.obj (.data:rfRegTbl)
                  20002a40    00000010     ble_user_config.obj (.data:rfRegTblCoded)
                  20002a50    00000010     main.obj (.data:user0Cfg)
                  20002a60    0000000c     cc2640_ll_pxxx.a : ll_common.o (.data)
                  20002a6c    0000000c     app_ble_pem3.oem3 (.data:ti_sysbios_heaps_HeapCallback_Object__table__V)
                  20002a78    00000009     devinfoservice.obj (.data)
                  20002a81    00000001     cc26xx_profiles_pxxx.a : gapgattserver.o (.data)
                  20002a82    00000001                            : gapgattserver.o (.data)
                  20002a83    00000001                            : gapgattserver.o (.data)
                  20002a84    00000008     ECCROMCC26XX.obj (.data:$O10$$)
                  20002a8c    00000008     icall_cc2650.obj (.data:$O13$$)
                  20002a94    00000008     ble5_spp_ble_server_cc2640r2lp_stack_library.lib : hal_assert.obj (.data:$O25$$)
                  20002a9c    00000008                                                      : osal_clock.obj (.data:$O33$$)
                  20002aa4    00000008     rtsv7M3_T_le_eabi.lib : _lock.c.obj (.data:$O34$$)
                  20002aac    00000008     cc2640_ll_pxxx.a : ll_data.o (.data)
                  20002ab4    00000008     cc26xx_profiles_pxxx.a : gapgattserver.o (.data)
                  20002abc    00000008     ble_user_config.obj (.data:rfRegTbl1M)
                  20002ac4    00000008     ble_user_config.obj (.data:rfRegTbl2M)
                  20002acc    00000008     app_ble_pem3.oem3 (.data:ti_sysbios_family_arm_m3_Hwi_Module__root__V)
                  20002ad4    00000008     app_ble_pem3.oem3 (.data:ti_sysbios_gates_GateHwi_Module__root__V)
                  20002adc    00000008     app_ble_pem3.oem3 (.data:ti_sysbios_gates_GateMutex_Module__root__V)
                  20002ae4    00000008     app_ble_pem3.oem3 (.data:ti_sysbios_hal_Hwi_Module__root__V)
                  20002aec    00000008     app_ble_pem3.oem3 (.data:ti_sysbios_heaps_HeapCallback_Module__root__V)
                  20002af4    00000008     app_ble_pem3.oem3 (.data:ti_sysbios_heaps_HeapMem_Module__root__V)
                  20002afc    00000008     app_ble_pem3.oem3 (.data:ti_sysbios_knl_Clock_Module__root__V)
                  20002b04    00000008     app_ble_pem3.oem3 (.data:ti_sysbios_knl_Event_Module__root__V)
                  20002b0c    00000008     app_ble_pem3.oem3 (.data:ti_sysbios_knl_Mailbox_Module__root__V)
                  20002b14    00000008     app_ble_pem3.oem3 (.data:ti_sysbios_knl_Queue_Module__root__V)
                  20002b1c    00000008     app_ble_pem3.oem3 (.data:ti_sysbios_knl_Semaphore_Module__root__V)
                  20002b24    00000008     app_ble_pem3.oem3 (.data:ti_sysbios_knl_Swi_Module__root__V)
                  20002b2c    00000008     app_ble_pem3.oem3 (.data:ti_sysbios_knl_Task_Module__root__V)
                  20002b34    00000007     ingeek_ble_profile.obj (.data)
                  20002b3b    00000001     cc26xx_profiles_pxxx.a : gapgattserver.o (.data)
                  20002b3c    00000004     ble5_spp_ble_server_cc2640r2lp_stack_library.lib : osal_pwrmgr.obj (.data:$O28$$)
                  20002b40    00000004                                                      : osal_snv_wrapper.obj (.data:$O29$$)
                  20002b44    00000004                                                      : ble_user_config.obj (.data)
                  20002b48    00000004                                                      : osal_bufmgr.obj (.data)
                  20002b4c    00000004     ble_user_config.obj (.data)
                  20002b50    00000004     rtsv7M3_T_le_eabi.lib : stkdepth_vars.c.obj (.data)
                  20002b54    00000004     app_ble_pem3.oem3 (.data:ti_sysbios_family_arm_m3_Hwi_Module_State_0_excContext__A)
                  20002b58    00000004     app_ble_pem3.oem3 (.data:ti_sysbios_family_arm_m3_Hwi_Module_State_0_excStack__A)
                  20002b5c    00000004     app_ble_pem3.oem3 (.data:ti_sysbios_knl_Task_Module_State_0_idleTask__A)
                  20002b60    00000001     drivers_cc26x0r2.aem3 : UART.oem3 (.data)
                  20002b61    00000001     sdi_tl.obj (.data)

.vtable    0    20002b62    00000000     UNINITIALIZED

.vtable_ram 
*          0    20002b62    00000000     UNINITIALIZED

vtable_ram 
*          0    20002b62    00000000     UNINITIALIZED

.sysmem    0    20002b62    00000000     UNINITIALIZED

.nonretenvar 
*          0    20002b62    00000000     UNINITIALIZED

ll_bss     0    20002b64    00000046     UNINITIALIZED
                  20002b64    00000024     cc2640_ll_pxxx.a : ll.o (.bss)
                  20002b88    00000014                      : ll.o (.bss)
                  20002b9c    00000004                      : ll.o (.bss)
                  20002ba0    00000004                      : ll.o (.bss)
                  20002ba4    00000002                      : ll.o (.bss)
                  20002ba6    00000002                      : ll.o (.bss)
                  20002ba8    00000001                      : ll.o (.bss)
                  20002ba9    00000001                      : ll.o (.bss)

.stack     0    20004000    00000400     UNINITIALIZED
                  20004000    00000400     --HOLE--

.TI.bound:NV_FLASH 
*          0    0001e000    00001000     
                  0001e000    00001000     ble5_spp_ble_server_cc2640r2lp_stack_library.lib : osal_snv_wrapper.obj (.TI.bound:NV_FLASH)

.text.1    0    0000003c    00000fc4     
                  0000003c    00000f48     cc2640_ll_pxxx.a : ll.o (.text)
                  00000f84    00000008     ble_r2.symbols (.tramp.LL_ENC_GenerateTrueRandNum.1)
                  00000f8c    00000008     ble_r2.symbols (.tramp.LL_PRIV_GenerateRSA.1)
                  00000f94    00000008     ble_r2.symbols (.tramp.LL_ENC_Init.1)
                  00000f9c    00000064     driverlib.lib : sys_ctrl.obj (.text:NOROM_SysCtrlAdjustRechargeAfterPowerDown)

.text.2    0    00001330    000165f8     
                  00001330    0000098c     ingeek_ble_server.obj (.text:SimpleBLEPeripheral_taskFxn$1)
                  00001cbc    00000790     cc2640_ll_pxxx.a : ble.o (.text)
                  0000244c    00000570     peripheral.obj (.text:gapRole_taskFxn$20)
                  000029bc    00000564     security_digital_key.obj (.text:Handle_Character)
                  00002f20    0000054c     cc2640_ll_pxxx.a : ll_adv_end_causes.o (.text)
                  0000346c    000004ec                      : ll_slave_end_causes.o (.text)
                  00003958    00000458                      : ll_slave_end_causes.o (.text)
                  00003db0    0000032c     rf_singleMode_cc26x0r2.aem3 : RFCC26XX_singleMode.oem3 (.text:fsmActiveState)
                  000040dc    00000314     drivers_cc26x0r2.aem3 : PowerCC26XX_calibrateRCOSC.oem3 (.text:PowerCC26XX_auxISR)
                  000043f0    0000030c     cc2640_ll_pxxx.a : ll.o (.text)
                  000046fc    00000300                      : ll_scheduler.o (.text)
                  000049fc    000002bc     ble5_spp_ble_server_cc2640r2lp_stack_library.lib : icall_startup.obj (.text:startup_entry)
                  00004cb8    000002a8                                                      : gapbondmgr.obj (.text:GAPBondMgr_ProcessGAPMsg)
                  00004f60    0000029c                                                      : gapbondmgr.obj (.text:GAPBondMgr_SetParameter)
                  000051fc    00000294     peripheral.obj (.text:GAPRole_SetParameter)
                  00005490    0000028c     ble5_spp_ble_server_cc2640r2lp_stack_library.lib : gapbondmgr.obj (.text:GAPBondMgr_ProcessEvent)
                  0000571c    00000280     cc2640_ll_pxxx.a : ll_isr.o (.text)
                  0000599c    0000024c     cc26xx_profiles_pxxx.a : gapgattserver.o (.text)
                  00005be8    0000024c     drivers_cc26x0r2.aem3 : CryptoCC26XX.oem3 (.text:cryptoTransactionExecute)
                  00005e34    00000240     cc2640_ll_pxxx.a : ll_isr.o (.text)
                  00006074    0000023c     drivers_cc26x0r2.aem3 : PowerCC26XX.oem3 (.text:Power_sleep)
                  000062b0    00000228     aes.obj (.text:InvCipher$4)
                  000064d8    00000220     driverlib.lib : sys_ctrl.obj (.text:NOROM_SysCtrlSetRechargeBeforePowerDown)
                  000066f8    00000210     cc2640_ll_pxxx.a : ll_common.o (.text)
                  00006908    00000210                      : ll_slave_end_causes.o (.text)
                  00006b18    00000210     cc26xx_profiles_pxxx.a : gattservapp.o (.text)
                  00006d28    0000020c     cc2640_ll_pxxx.a : ll_common.o (.text)
                  00006f34    00000208                      : ll_common.o (.text)
                  0000713c    00000204     cc26xx_sm_pxxx.a : sm_pairing.o (.text)
                  00007340    000001ec     ingeek_ble_profile.obj (.text:DigitalkeyService_WriteAttrCB$19)
                  0000752c    000001ec     ingeek_ble_server.obj (.text:SimpleBLEPeripheral_processStateChangeEvt$1)
                  00007718    000001d4     security_digital_key.obj (.text:Send_data_SS$2)
                  000078ec    000001d0     cc2640_ll_pxxx.a : ll_common.o (.text)
                  00007abc    000001d0     ble5_spp_ble_server_cc2640r2lp_stack_library.lib : gapbondmgr.obj (.text:gapBondMgrAddBond$44)
                  00007c8c    000001c8     cc2640_ll_pxxx.a : ll.o (.text)
                  00007e54    000001c8     rf_singleMode_cc26x0r2.aem3 : RFCC26XX_singleMode.oem3 (.text:fsmSetupState)
                  0000801c    000001c7     pb_decode.obj (.text:pb_decode_noinit)
                  000081e3    00000001     --HOLE-- [fill = 0]
                  000081e4    000001bc     ble5_spp_ble_server_cc2640r2lp_stack_library.lib : osal.obj (.text:osal_start_system)
                  000083a0    000001b6     rtsv7M3_T_le_eabi.lib : fd_add_t2.asm.obj (.text)
                  00008556    00000002     ble_user_config.obj (.text:DefaultAssertCback)
                  00008558    000001b0     rf_singleMode_cc26x0r2.aem3 : RFCC26XX_singleMode.oem3 (.text:RF_open)
                  00008708    000001b0     cc2640_ll_pxxx.a : ll_isr.o (.text)
                  000088b8    000001a8     rf_singleMode_cc26x0r2.aem3 : RFCC26XX_singleMode.oem3 (.text:RF_postCmd)
                  00008a60    000001a8     cc2640_ll_pxxx.a : ll.o (.text)
                  00008c08    000001a8                      : ll.o (.text)
                  00008db0    00000194     ECCROMCC26XX.obj (.text:ECCROMCC26XX_genDHKey)
                  00008f44    00000194     ble5_spp_ble_server_cc2640r2lp_stack_library.lib : gapbondmgr.obj (.text:gapBondMgrAuthenticate$44)
                  000090d8    00000190     drivers_cc26x0r2.aem3 : PowerCC26XX_calibrateRCOSC.oem3 (.text:PowerCC26XX_doCalibrate)
                  00009268    00000190     icall.obj (.text:icall_directAPI)
                  000093f8    0000018c     drivers_cc26x0r2.aem3 : PINCC26XX.oem3 (.text:PIN_init)
                  00009584    0000017c     rf_singleMode_cc26x0r2.aem3 : RFCC26XX_singleMode.oem3 (.text:abortCmd)
                  00009700    00000168     pb_decode.obj (.text:decode_field$23)
                  00009868    0000015c     drivers_cc26x0r2.aem3 : UARTCC26XX.oem3 (.text:UARTCC26XX_open)
                  000099c4    00000150     aes.obj (.text:AES_CBC_128_cipher)
                  00009b14    00000150     ingeek_ble_server.obj (.text:SimpleBLEPeripheral_processCharValueChangeEvt$1)
                  00009c64    00000148     cc26xx_gap_pxxx.a : gap_linkmgr.o (.text)
                  00009dac    00000144     cc2640_ll_pxxx.a : ll_common.o (.text)
                  00009ef0    00000140     security_digital_key.obj (.text:Check_Carinfo)
                  0000a030    00000140     pb_encode.obj (.text:encode_field$24)
                  0000a170    0000013c     drivers_cc26x0r2.aem3 : PowerCC26XX.oem3 (.text:Power_init)
                  0000a2ac    00000138     cc2640_ll_pxxx.a : ll.o (.text)
                  0000a3e4    00000136     rtsv7M3_T_le_eabi.lib : fd_div_t2.asm.obj (.text)
                  0000a51a    00000002     driverlib.lib : rfc.obj (.text:NOROM_RFCAdi3VcoLdoVoltageMode)
                  0000a51c    00000134     cc2640_ll_pxxx.a : ll.o (.text)
                  0000a650    0000012c     cc26xx_sm_pxxx.a : sm_task.o (.text)
                  0000a77c    00000128     ECCROMCC26XX.obj (.text:ECCROMCC26XX_genKeys)
                  0000a8a4    00000128     cc2640_ll_pxxx.a : ll_scheduler.o (.text)
                  0000a9cc    00000128     pb_encode.obj (.text:encode_array$24)
                  0000aaf4    00000128     cmac.obj (.text:ingeek_AesCmacGenerate)
                  0000ac1c    00000128     sha256.obj (.text:mbedtls_sha256_process)
                  0000ad44    00000124     peripheral.obj (.text:GAPRole_GetParameter)
                  0000ae68    00000124     security_digital_key.obj (.text:Send_cmd_result)
                  0000af8c    00000124     ble5_spp_ble_server_cc2640r2lp_stack_library.lib : gapbondmgr.obj (.text:gapBondMgrEraseBonding$44)
                  0000b0b0    0000011c     ingeek_ble_server.obj (.text:SimpleBLEPeripheral_performPeriodicTask$1)
                  0000b1cc    0000011c     ble5_spp_ble_server_cc2640r2lp_stack_library.lib : osal_snv_wrapper.obj (.text:compactPage$41)
                  0000b2e8    00000118     sdi_task.obj (.text:SDITask_process$26)
                  0000b400    00000118     drivers_cc26x0r2.aem3 : UARTCC26XX.oem3 (.text:UARTCC26XX_read)
                  0000b518    0000010c     rf_singleMode_cc26x0r2.aem3 : RFCC26XX_singleMode.oem3 (.text:hwiFxnCpe0Active)
                  0000b624    0000010a     drivers_cc26x0r2.aem3 : UARTCC26XX.oem3 (.text:UARTCC26XX_hwiIntFxn)
                  0000b72e    00000002     ble5_spp_ble_server_cc2640r2lp_stack_library.lib : onboard.obj (.text:Onboard_soft_reset)
                  0000b730    00000108     cc2640_ll_pxxx.a : ll_adv_end_causes.o (.text)
                  0000b838    00000100     sha256.obj (.text:mbedtls_sha256_finish)
                  0000b938    000000fc     ble5_spp_ble_server_cc2640r2lp_stack_library.lib : gapbondmgr.obj (.text:GAPBondMgr_LinkEst)
                  0000ba34    000000fc     drivers_cc26x0r2.aem3 : UARTCC26XX.oem3 (.text:UARTCC26XX_write)
                  0000bb30    000000fc     rtsv7M3_T_le_eabi.lib : fd_mul_t2.asm.obj (.text)
                  0000bc2c    000000f8     security_digital_key.obj (.text:Handle_Character_Session_X$2)
                  0000bd24    000000f8     ble5_spp_ble_server_cc2640r2lp_stack_library.lib : osal_snv_wrapper.obj (.text:osal_snv_write)
                  0000be1c    000000f8     rf_singleMode_cc26x0r2.aem3 : RFCC26XX_singleMode.oem3 (.text:radioOpDoneCb)
                  0000bf14    000000f4                                 : RFCC26XX_singleMode.oem3 (.text:fsmPowerUpState)
                  0000c008    000000f0     security_digital_key.obj (.text:Handle_write_Infochar$2)
                  0000c0f8    000000f0     cc2640_ll_pxxx.a : ll_common.o (.text)
                  0000c1e8    000000ec     pb_decode.obj (.text:decode_callback_field$23)
                  0000c2d4    000000e8     security_digital_key.obj (.text:Handle_Character_Auth_X$2)
                  0000c3bc    000000e8     ble5_spp_ble_server_cc2640r2lp_stack_library.lib : osal_timers.obj (.text:osalTimerUpdate)
                  0000c4a4    000000e4     aes.obj (.text:KeyExpansion$4)
                  0000c588    000000e0     cc26xx_sm_pxxx.a : sm_pairing.o (.text)
                  0000c668    000000dc     ingeek_ble_profile.obj (.text:DigitalkeyService_ReadAttrCB$19)
                  0000c744    000000dc     drivers_cc26x0r2.aem3 : PINCC26XX.oem3 (.text:PINCC26XX_setIoCfg)
                  0000c820    000000dc     sdi_task.obj (.text:SDITask_inititializeTask$26)
                  0000c8fc    000000dc     cc2640_hci_pxxx.a : hci_event.o (.text)
                  0000c9d8    000000d8     cc26xx_gap_pxxx.a : gap_linkmgr.o (.text)
                  0000cab0    000000d4     drivers_cc26x0r2.aem3 : CryptoCC26XX.oem3 (.text:CryptoCC26XX_open)
                  0000cb84    000000d4     dpl_cc26x0r2.aem3 : PowerCC26XX_tirtos.oem3 (.text:PowerCC26XX_standbyPolicy)
                  0000cc58    000000d4     cc2640_ll_pxxx.a : ll_scheduler.o (.text)
                  0000cd2c    000000ce     cc26xx_sm_pxxx.a : sm_pairing.o (.text)
                  0000cdfa    00000002     ble5_spp_ble_server_cc2640r2lp_stack_library.lib : sm_ecc.obj (.text:SM_dhKeyCB)
                  0000cdfc    000000cc     cc2640_ll_pxxx.a : ll.o (.text)
                  0000cec8    000000cc                      : ll_common.o (.text)
                  0000cf94    000000c4     cc26xx_sm_pxxx.a : sm_pairing.o (.text)
                  0000d058    000000c2     cc2640_ll_pxxx.a : ll.o (.text)
                  0000d11a    00000002     ble5_spp_ble_server_cc2640r2lp_stack_library.lib : sm_ecc.obj (.text:SM_p256KeyCB)
                  0000d11c    000000c0                                                      : osal.obj (.text:osal_set_event)
                  0000d1dc    000000c0     pb_encode.obj (.text:pb_encode_submessage)
                  0000d29c    000000bc     drivers_cc26x0r2.aem3 : PowerCC26XX.oem3 (.text:Power_releaseDependency)
                  0000d358    000000bc     cc2640_hci_pxxx.a : hci_event.o (.text)
                  0000d414    000000bc     cc2640_ll_pxxx.a : ll_common.o (.text)
                  0000d4d0    000000b8     driverlib.lib : setup.obj (.text:NOROM_SetupTrimDevice)
                  0000d588    000000b8     main.obj (.text:main)
                  0000d640    000000b4     security_digital_key.obj (.text:Calculate_VCK$2)
                  0000d6f4    000000b4     drivers_cc26x0r2.aem3 : PowerCC26XX.oem3 (.text:Power_setDependency)
                  0000d7a8    000000b4     cc2640_ll_pxxx.a : ll_adv_end_causes.o (.text)
                  0000d85c    000000b4     devinfoservice.obj (.text:devInfo_ReadAttrCB$16)
                  0000d910    000000b4     pb_decode.obj (.text:pb_decode_varint32_eof$23)
                  0000d9c4    000000b2     pb_encode.obj (.text:pb_check_proto3_default_value$24)
                  0000da76    000000b2     pb_decode.obj (.text:pb_field_set_to_default$23)
                  0000db28    000000b0     TRNGCC26XX.obj (.text:TRNGCC26XX_getNumber)
                  0000dbd8    000000b0     drivers_cc26x0r2.aem3 : UARTCC26XX.oem3 (.text:UARTCC26XX_initHw)
                  0000dc88    000000b0     cc2640_hci_pxxx.a : hci_event.o (.text)
                  0000dd38    000000b0     cc2640_ll_pxxx.a : ble.o (.text)
                  0000dde8    000000b0     cc26xx_gap_pxxx.a : gap_linkmgr.o (.text)
                  0000de98    000000ac     cc2640_ll_pxxx.a : ll.o (.text)
                  0000df44    000000ac     md_export.obj (.text:mbedtls_md_hmac_starts)
                  0000dff0    000000aa     cc2640_ll_pxxx.a : ll_common.o (.text)
                  0000e09a    00000002     rtsv7M3_T_le_eabi.lib : _lock.c.obj (.text:_nop)
                  0000e09c    000000a6     pb_decode.obj (.text:pb_dec_svarint$23)
                  0000e142    00000002     rf_singleMode_cc26x0r2.aem3 : RFCC26XX_singleMode.oem3 (.text:defaultCallback)
                  0000e144    000000a4     ble5_spp_ble_server_cc2640r2lp_stack_library.lib : gapbondmgr.obj (.text:GAPBondMgr_ResolveAddr)
                  0000e1e8    000000a4                                                      : osal.obj (.text:osal_msg_enqueue_push$36)
                  0000e28c    000000a0     aes.obj (.text:Cipher$4)
                  0000e32c    000000a0     auto_init.aem3 : auto_init.oem3 (.text)
                  0000e3cc    000000a0     cc2640_hci_pxxx.a : hci_event.o (.text)
                  0000e46c    000000a0     cc2640_ll_pxxx.a : ll_common.o (.text)
                  0000e50c    000000a0                      : ll_common.o (.text)
                  0000e5ac    0000009e     ble5_spp_ble_server_cc2640r2lp_stack_library.lib : gapbondmgr.obj (.text:gapBondMgrUpdateCharCfg$44)
                  0000e64a    00000002     drivers_cc26x0r2.aem3 : PowerCC26XX.oem3 (.text:emptyClockFunc)
                  0000e64c    0000009c     ble5_spp_ble_server_cc2640r2lp_stack_library.lib : osal_cbtimer.obj (.text:cbTimerSetup$38)
                  0000e6e8    0000009c     rtsv7M3_T_le_eabi.lib : memcpy_t2.asm.obj (.text)
                  0000e784    00000098     ble5_spp_ble_server_cc2640r2lp_stack_library.lib : gapbondmgr.obj (.text:GAPBondMgr_syncResolvingList)
                  0000e81c    00000098     drivers_cc26x0r2.aem3 : PINCC26XX.oem3 (.text:PIN_open)
                  0000e8b4    00000098                           : UARTCC26XX.oem3 (.text:UARTCC26XX_initIO)
                  0000e94c    00000098     cc2640_ll_pxxx.a : ll.o (.text)
                  0000e9e4    00000098                      : ll.o (.text)
                  0000ea7c    00000098     sha256.obj (.text:mbedtls_sha256_starts)
                  0000eb14    00000098     ble5_spp_ble_server_cc2640r2lp_stack_library.lib : osal_cbtimer.obj (.text:osal_CbTimerProcessEvent)
                  0000ebac    00000098     rom_sysbios.aem3 : rom_sysbios.obj (.text:ti_sysbios_knl_Clock_workFuncDynamic__E)
                  0000ec44    00000097     pb_decode.obj (.text:pb_dec_bytes$23)
                  0000ecdb    00000001     --HOLE-- [fill = 0]
                  0000ecdc    00000096     rtsv7M3_T_le_eabi.lib : ull_div_t2.asm.obj (.text)
                  0000ed72    00000002     ble5_spp_ble_server_cc2640r2lp_stack_library.lib : hal_assert.obj (.text:halAssertHandler)
                  0000ed74    00000094     icall.obj (.text:ICall_setTimer)
                  0000ee08    00000094     cc2640_ll_pxxx.a : ll_enc.o (.text)
                  0000ee9c    00000094     ble5_spp_ble_server_cc2640r2lp_stack_library.lib : osal.obj (.text:osal_msg_receive)
                  0000ef30    00000094                                                      : osal_timers.obj (.text:osal_timer_refTimeUpdate)
                  0000efc4    00000094     drivers_cc26x0r2.aem3 : UARTCC26XX.oem3 (.text:writeFinishedDoCallback)
                  0000f058    00000092     cc2640_ll_pxxx.a : ll_common.o (.text)
                  0000f0ea    00000002     ble5_spp_ble_server_cc2640r2lp_stack_library.lib : hal_assert.obj (.text:halAssertSpinlock)
                  0000f0ec    00000092     pb_decode.obj (.text:pb_dec_uvarint$23)
                  0000f17e    00000002     pb_encode.obj (.text:pb_const_cast$24)
                  0000f180    00000090     driverlib.lib : crypto.obj (.text:NOROM_CRYPTOAesLoadKey)
                  0000f210    00000090     sdi_tl.obj (.text:SDITL_writeTL)
                  0000f2a0    00000090     driverlib.lib : setup.obj (.text:TrimAfterColdResetWakeupFromShutDown$32)
                  0000f330    00000090     cc26xx_hci_tl_none.a : hci_tl.o (.text)
                  0000f3c0    0000008e     pb_decode.obj (.text:pb_dec_fixed64$23)
                  0000f44e    00000002     icall_api_lite.obj (.text:rfErrCb)
                  0000f450    0000008e     pb_decode.obj (.text:pb_dec_varint$23)
                  0000f4de    00000002     rtsv7M3_T_le_eabi.lib : div0.asm.obj (.text)
                  0000f4e0    0000008c     security_digital_key.obj (.text:Handle_read_Infochar$2)
                  0000f56c    0000008c     icall.obj (.text:ICall_heapMalloc)
                  0000f5f8    0000008c     drivers_cc26x0r2.aem3 : UARTCC26XX.oem3 (.text:UARTCC26XX_close)
                  0000f684    0000008c                           : UARTCC26XX.oem3 (.text:UARTCC26XX_writeCancel)
                  0000f710    0000008c     cc2640_ll_pxxx.a : ll_enc.o (.text)
                  0000f79c    0000008c                      : ll_isr.o (.text)
                  0000f828    0000008c     drivers_cc26x0r2.aem3 : PowerCC26XX.oem3 (.text:disableLFClockQualifiers)
                  0000f8b4    00000088     security_digital_key.obj (.text:Calculate_SK$2)
                  0000f93c    00000088     security_digital_key.obj (.text:Handle_Character_Cmd$2)
                  0000f9c4    00000088     cc2640_hci_pxxx.a : hci_event.o (.text)
                  0000fa4c    00000088     cc2640_ll_pxxx.a : ll.o (.text)
                  0000fad4    00000088                      : ll_common.o (.text)
                  0000fb5c    00000088     cc26xx_profiles_pxxx.a : gapgattserver.o (.text)
                  0000fbe4    00000088     peripheral.obj (.text:gapRole_startConnUpdate$20)
                  0000fc6c    00000088     gattservapp_util.obj (.text:gattServApp_SendNotiInd$18)
                  0000fcf4    00000088     pb_decode.obj (.text:pb_read)
                  0000fd7c    00000087     pb_decode.obj (.text:pb_dec_string$23)
                  0000fe03    00000001     --HOLE-- [fill = 0]
                  0000fe04    00000086     cc2640_ll_pxxx.a : ll_common.o (.text)
                  0000fe8a    00000086     cc26xx_gatt_pxxx.a : gatt_client.o (.text)
                  0000ff10    00000084     drivers_cc26x0r2.aem3 : PowerCC26XX.oem3 (.text:switchXOSCHFclockFunc)
                  0000ff94    00000080     rf_singleMode_cc26x0r2.aem3 : RFCC26XX_singleMode.oem3 (.text:RF_pendCmd)
                  00010014    00000080     sdi_tl_uart.obj (.text:SDITLUART_readCallBack$28)
                  00010094    00000080     cc2640_ll_pxxx.a : ll.o (.text)
                  00010114    0000007f     pb_decode.obj (.text:pb_dec_fixed_length_bytes$23)
                  00010193    00000001     --HOLE-- [fill = 0]
                  00010194    0000007e     cc2640_ll_pxxx.a : ll.o (.text)
                  00010212    0000007e     cc26xx_profiles_pxxx.a : gattservapp.o (.text)
                  00010290    0000007c     security_digital_key.obj (.text:Get_TRNG$2)
                  0001030c    0000007c     cc2640_ll_pxxx.a : ll_scheduler.o (.text)
                  00010388    0000007c     cc26xx_gap_pxxx.a : gap_linkmgr.o (.text)
                  00010404    0000007c     cc26xx_gatt_pxxx.a : gatt_client.o (.text)
                  00010480    0000007c     ble5_spp_ble_server_cc2640r2lp_stack_library.lib : osal.obj (.text:osal_event_send$36)
                  000104fc    0000007c     pb_encode.obj (.text:pb_encode)
                  00010578    0000007c     rf_singleMode_cc26x0r2.aem3 : RFCC26XX_singleMode.oem3 (.text:swiFxnHw)
                  000105f4    0000007a     drivers_cc26x0r2.aem3 : CryptoCC26XX.oem3 (.text:CryptoCC26XX_allocateKey)
                  0001066e    0000007a     rtsv7M3_T_le_eabi.lib : memset_t2.asm.obj (.text)
                  000106e8    00000078     ingeek_ble_profile.obj (.text:Characteristic_zeroize)
                  00010760    00000078     ingeek_ble_profile.obj (.text:DigitalkeyService_SetParameter)
                  000107d8    00000078     gattservapp_util.obj (.text:GATTServApp_ProcessCharCfg)
                  00010850    00000078     security_digital_key.obj (.text:Handle_Character_Auth_G$2)
                  000108c8    00000078     sdi_task.obj (.text:SDITask_transportRXCallBack$26)
                  00010940    00000078     cc2640_ll_pxxx.a : ll_common.o (.text)
                  000109b8    00000078                      : ll_enc.o (.text)
                  00010a30    00000078     sha256.obj (.text:mbedtls_sha256_update)
                  00010aa8    00000078     drivers_cc26x0r2.aem3 : UARTCC26XX.oem3 (.text:writeTxFifoFlush)
                  00010b20    00000076     cc2640_ll_pxxx.a : ll_common.o (.text)
                  00010b96    00000002     app_ble_pem3.oem3 (.text:ti_sysbios_BIOS_nullFunc__I)
                  00010b98    00000075     pb_decode.obj (.text:pb_dec_submessage$23)
                  00010c0d    00000001     --HOLE-- [fill = 0]
                  00010c0e    00000002     app_ble_pem3.oem3 (.text:ti_sysbios_rom_cortexm_cc26xx_r2_CC26xx_badRomRevision__E)
                  00010c10    00000074     ingeek_ble_profile.obj (.text:DigitalkeyService_GetParameter)
                  00010c84    00000074     driverlib.lib : rfc.obj (.text:NOROM_RFCOverrideUpdate)
                  00010cf8    00000074     cc2640_ll_pxxx.a : ll_common.o (.text)
                  00010d6c    00000074                      : ll_common.o (.text)
                  00010de0    00000074                      : ll_common.o (.text)
                  00010e54    00000074     ble5_spp_ble_server_cc2640r2lp_stack_library.lib : gapbondmgr.obj (.text:gapBondMgrBondReq$44)
                  00010ec8    00000074     rom_sysbios.aem3 : rom_sysbios.obj (.text:ti_sysbios_family_arm_cc26xx_Timer_start__E)
                  00010f3c    00000072     pb_common.obj (.text:pb_field_iter_next)
                  00010fae    00000002     rom_sysbios.aem3 : rom_sysbios.obj (.text:xdc_runtime_SysCallback_defaultAbort)
                  00010fb0    00000070     icall.obj (.text:ICall_heapGetStats)
                  00011020    00000070     icall.obj (.text:ICall_heapInit)
                  00011090    00000070     ble5_spp_ble_server_cc2640r2lp_stack_library.lib : ble_dispatch_lite.obj (.text:ble_dispatch_liteProcess)
                  00011100    00000070     cc2640_ll_pxxx.a : ll_common.o (.text)
                  00011170    00000070     ble5_spp_ble_server_cc2640r2lp_stack_library.lib : osal_snv_wrapper.obj (.text:writeWord$41)
                  000111e0    0000006e     pb_decode.obj (.text:pb_skip_field)
                  0001124e    00000002     rom_sysbios.aem3 : rom_sysbios.obj (.text:xdc_runtime_SysCallback_defaultExit)
                  00011250    0000006c     icall.obj (.text:ICall_createRemoteTasks)
                  000112bc    0000006c     icall.obj (.text:ICall_sendServiceComplete)
                  00011328    0000006c     driverlib.lib : osc.obj (.text:NOROM_OSCHF_AttemptToSwitchToXosc)
                  00011394    0000006c     drivers_cc26x0r2.aem3 : PowerCC26XX_calibrateRCOSC.oem3 (.text:PowerCC26XX_initiateCalibration)
                  00011400    0000006c     cc2640_ll_pxxx.a : ble.o (.text)
                  0001146c    0000006c                      : ll.o (.text)
                  000114d8    0000006c                      : ll_common.o (.text)
                  00011544    0000006c                      : ll_scheduler.o (.text)
                  000115b0    0000006c     drivers_cc26x0r2.aem3 : PowerCC26XX.oem3 (.text:configureXOSCHF)
                  0001161c    00000068     driverlib.lib : sys_ctrl.obj (.text:NOROM_SysCtrl_DCDC_VoltageConditionalControl)
                  00011684    00000068     sdi_task.obj (.text:SDITask_sendToUART)
                  000116ec    00000068     drivers_cc26x0r2.aem3 : UARTCC26XX.oem3 (.text:UARTCC26XX_readCancel)
                  00011754    00000068     cc2640_ll_pxxx.a : ll.o (.text)
                  000117bc    00000068                      : ll.o (.text)
                  00011824    00000068                      : ll.o (.text)
                  0001188c    00000068                      : ll.o (.text)
                  000118f4    00000068                      : ll_common.o (.text)
                  0001195c    00000068                      : ll_common.o (.text)
                  000119c4    00000068                      : ll_privacy.o (.text)
                  00011a2c    00000068     rf_singleMode_cc26x0r2.aem3 : RFCC26XX_singleMode.oem3 (.text:decActiveClientCnt)
                  00011a94    00000068     rtsv7M3_T_le_eabi.lib : copy_decompress_lzss.c.obj (.text:decompress:lzss:__TI_decompress_lzss)
                  00011afc    00000068     ble5_spp_ble_server_cc2640r2lp_stack_library.lib : osal_cbtimer.obj (.text:osal_CbTimerUpdate)
                  00011b64    00000066     cc2640_ll_pxxx.a : ll_common.o (.text)
                  00011bca    00000066                      : ll_common.o (.text)
                  00011c30    00000066                      : ll_privacy.o (.text)
                  00011c96    00000066                      : ll_privacy.o (.text)
                  00011cfc    00000064     icall.obj (.text:ICall_send)
                  00011d60    00000064     cc26xx_profiles_pxxx.a : gattservapp.o (.text)
                  00011dc4    00000064     rf_singleMode_cc26x0r2.aem3 : RFCC26XX_singleMode.oem3 (.text:fsmXOSCState)
                  00011e28    00000064     pb_decode.obj (.text:pb_decode_varint)
                  00011e8c    00000062     cc2640_ll_pxxx.a : ll_common.o (.text)
                  00011eee    00000062                      : ll_privacy.o (.text)
                  00011f50    00000060     icall.obj (.text:ICall_enrollService)
                  00011fb0    00000060     rf_singleMode_cc26x0r2.aem3 : RFCC26XX_singleMode.oem3 (.text:RF_getCurrentTime)
                  00012010    00000060     cc2640_ll_pxxx.a : ll_common.o (.text)
                  00012070    00000060                      : ll_common.o (.text)
                  000120d0    0000005e     icall.obj (.text:ICall_fetchMsg)
                  0001212e    0000005e     cc2640_ll_pxxx.a : ll_common.o (.text)
                  0001218c    0000005c     icall.obj (.text:ICall_pwrUpdActivityCounter)
                  000121e8    0000005c     drivers_cc26x0r2.aem3 : PowerCC26XX_calibrateRCOSC.oem3 (.text:PowerCC26XX_RCOSC_clockFunc)
                  00012244    0000005c                           : PowerCC26XX.oem3 (.text:PowerCC26XX_calibrate)
                  000122a0    0000005c     cc26xx_profiles_pxxx.a : gattservapp.o (.text)
                  000122fc    0000005c     ingeek_ble_server.obj (.text:convInt32ToText)
                  00012358    0000005c     app_ble_pem3.oem3 (.text:xdc_runtime_Startup_getState__I)
                  000123b4    0000005a     main.obj (.text:AssertHandler)
                  0001240e    0000005a     cc2640_ll_pxxx.a : ll_common.o (.text)
                  00012468    00000058     icall.obj (.text:ICall_wait)
                  000124c0    00000058     drivers_cc26x0r2.aem3 : PINCC26XX.oem3 (.text:PIN_remove)
                  00012518    00000058     ingeek_ble_server.obj (.text:SPPBLEServer_enqueueUARTMsg)
                  00012570    00000058     drivers_cc26x0r2.aem3 : UARTCC26XX.oem3 (.text:UARTCC26XX_control)
                  000125c8    00000058     cc2640_ll_pxxx.a : ll.o (.text)
                  00012620    00000058                      : ll.o (.text)
[...]
20002ae4  ti_sysbios_hal_Hwi_Module__root__V                                        
20002aec  ti_sysbios_heaps_HeapCallback_Module__root__V                             
20002af4  ti_sysbios_heaps_HeapMem_Module__root__V                                  
20002afc  ti_sysbios_knl_Clock_Module__root__V                                      
20002b04  ti_sysbios_knl_Event_Module__root__V                                      
20002b0c  ti_sysbios_knl_Mailbox_Module__root__V                                    
20002b14  ti_sysbios_knl_Queue_Module__root__V                                      
20002b1c  ti_sysbios_knl_Semaphore_Module__root__V                                  
20002b24  ti_sysbios_knl_Swi_Module__root__V                                        
20002b2c  ti_sysbios_knl_Task_Module__root__V                                       
20002b3c  pwrmgr_initialized                                                        
20002b3e  pwrmgr_attribute                                                          
20002b44  icallServiceTblPtr                                                        
20002b4c  appAssertCback                                                            
20002b50  main_func_sp                                                              
20002b54  ti_sysbios_family_arm_m3_Hwi_Module_State_0_excContext__A                 
20002b58  ti_sysbios_family_arm_m3_Hwi_Module_State_0_excStack__A                   
20002b5c  ti_sysbios_knl_Task_Module_State_0_idleTask__A                            
20002b64  rfSetup                                                                   
20002b88  deviceFeatureSet                                                          
20002b9c  scanInfo                                                                  
20002ba0  dtmInfo                                                                   
20002ba4  connInitialMaxTxTimeUncoded                                               
20002ba6  connInitialMaxTxTimeCoded                                                 
20002ba8  defaultPhy                                                                
20002ba9  scanReqRpt                                                                
20002baa  heapStart                                                                 
20004000  __stack                                                                   
20004000  heapEnd                                                                   
20004400  __STACK_END                                                               
20004400  __STACK_TOP                                                               
200044f8  RAM_BASE_ADDR                                                             
20004504  ROM_FlashJT                                                               
20004508  gapParameters                                                             
20004558  gapPeripheralCBs                                                          
20004564  gapPeripheralConnCBs                                                      
20004584  smResponderCBs                                                            
2000459c  slaveConnHandle                                                           
2000459e  nextHandle                                                                
200045a0  l2capMtuSize                                                              
200045a2  gapAppTaskID                                                              
200045a3  gapAdvAppTaskID                                                           
200045a4  gapUnwantedTaskID                                                         
200045a5  reqTaskId                                                                 
200045a6  gattAppTaskID                                                             
200045a7  appTaskID                                                                 
200045a8  flowCtrlTaskId                                                            
200045a9  SM_appTaskID                                                              
200046ec  scanDataEntry                                                             
200047cc  wlTable                                                                   
200048a8  wlTableScan                                                               
20004988  rfObject                                                                  
20004a20  advCmd                                                                    
20004a68  localEccKeys                                                              
20004aac  initDataEntry                                                             
20004b1c  l2capFixedChannels                                                        
20004b4c  linkCBs                                                                   
20004b7c  eccParams                                                                 
20004bac  initParam                                                                 
20004bd0  scanParam                                                                 
20004bf4  advParam                                                                  
20004c14  cryptoPRAND                                                               
20004c34  txModemTestCmd                                                            
20004c50  gapParams                                                                 
20004c6c  initCmd                                                                   
20004c84  connReqData                                                               
20004c9c  scanCmd                                                                   
20004cb4  scanOutput                                                                
20004ce4  rxModemTestCmd                                                            
20004cfc  rsp                                                                       
20004d14  fwParDtmCmd                                                               
20004d44  fwParRfCmd                                                                
20004d5c  connOutput                                                                
20004d70  rxTestParam                                                               
20004d84  initDataQueue                                                             
20004d94  scanDataQueue                                                             
20004da4  advDataQueue                                                              
20004db4  advOutput                                                                 
20004dc4  txTestParam                                                               
20004dd4  initOutput                                                                
20004de0  rxTestOut                                                                 
20004df8  cachedTRNGdata                                                            
20004e04  gapCurrentRandomAddr                                                      
20004e0c  slaveUpdateReq                                                            
20004e14  pBleEvtMask                                                               
20004e1c  pHciEvtMask                                                               
20004e24  pHciEvtMask2                                                              
20004e2c  ownPublicAddr                                                             
20004e34  ownRandomAddr                                                             
20004e3c  ownSavedPublicAddr                                                        
20004e44  fwImmedCmd                                                                
20004e4c  attServerNotifyTxCB                                                       
20004e50  rfEvent                                                                   
20004e58  fwParCmd                                                                  
20004e60  verInfo                                                                   
20004e68  llConns                                                                   
20004e70  fwParamImmedCmd                                                           
20004e78  privInfo                                                                  
20004e88  rxDataQ                                                                   
20004e8c  txDataQ                                                                   
20004e90  rxRingBuf                                                                 
20004e94  txTestOut                                                                 
20004e98  pGapDiscReq                                                               
20004e9c  pGapAdvertState                                                           
20004ea0  pEstLink                                                                  
20004ea4  pAuthLink                                                                 
20004ea8  pfnCentralConnCBs                                                         
20004eac  pfnPeripheralConnCBs                                                      
20004eb0  pGapAdvTokens                                                             
20004eb4  pGapAdData                                                                
20004eb8  pGapScanRspData                                                           
20004ebc  pfnPeripheralCBs                                                          
20004ec0  pfnCentralCBs                                                             
20004ec4  pfnBondMgrCBs                                                             
20004ec8  serverInfoTbl                                                             
20004ecc  pServiceList                                                              
20004ed0  pfnServerProcessMsgCB                                                     
20004ed4  pfnClientProcessMsgCB                                                     
20004ed8  prepareWritesTbl                                                          
20004edc  serviceCBsList                                                            
20004ee0  pAttrValue                                                                
20004ee4  l2capChannels                                                             
20004ee8  linkDB                                                                    
20004eec  rfHandle                                                                  
20004ef0  rfDrvTblPtr                                                               
20004ef4  eccDrvTblPtr                                                              
20004ef8  cryptoDrvTblPtr                                                           
20004efc  trngDrvTblPtr                                                             
20004f00  activeConns                                                               
20004f04  SysBootMsg                                                                
20004f08  sclkSrc                                                                   
20004f0c  buildInfo                                                                 
20004f10  advInfo                                                                   
20004f18  initInfo                                                                  
20004f20  taskEndAction                                                             
20004f24  encParams                                                                 
20004f28  encHandle                                                                 
20004f2c  encKey                                                                    
20004f30  pPairingParams                                                            
20004f34  pfnResponderCBs                                                           
20004f38  pfnInitiatorCBs                                                           
20004f3c  gapLimitedAdvertisingTimeout                                              
20004f3e  attrLen                                                                   
20004f40  numHostBufs                                                               
20004f42  rfCmdHandle                                                               
20004f44  connInitialMaxTxOctets                                                    
20004f46  connInitialMaxTxTime                                                      
20004f48  supportedMaxTxOctets                                                      
20004f4a  supportedMaxTxTime                                                        
20004f4c  supportedMaxRxOctets                                                      
20004f4e  supportedMaxRxTime                                                        
20004f50  taskEndStatus                                                             
20004f52  postRfOperations                                                          
20004f54  rfCfgAdiVal                                                               
20004f58  gapProfileRole                                                            
20004f59  gapDeviceAddrMode                                                         
20004f5a  gapState                                                                  
20004f5b  terminateAllTaskID                                                        
20004f5c  terminateReason                                                           
20004f5d  gapTaskID                                                                 
20004f5e  gattNumConns                                                              
20004f5f  gattTaskID                                                                
20004f60  GATTServApp_TaskID                                                        
20004f61  maxNumPrepareWrites                                                       
20004f62  hciPTMenabled                                                             
20004f63  ctrlToHostEnable                                                          
20004f64  l2capFlowCtrlMode                                                         
20004f65  l2capTaskID                                                               
20004f66  l2capNumChannels                                                          
20004f67  l2capNumDataPkts                                                          
20004f68  l2capId                                                                   
20004f69  linkDBNumConns                                                            
20004f6a  linkDB_secureConnectionOnlyMode                                           
20004f6b  maxPduSize                                                                
20004f6c  rfFeModeBias                                                              
20004f6d  maxNumTxDataBufs                                                          
20004f6e  LL_TaskID                                                                 
20004f6f  llState                                                                   
20004f70  rssiCorrection                                                            
20004f71  curTxPowerVal                                                             
20004f72  maxTxPwrForDTM                                                            
20004f73  onePktPerEvt                                                              
20004f74  numComplPkts                                                              
20004f75  numComplPktsLimit                                                         
20004f76  numComplPktsFlush                                                         
20004f77  fastTxRespTime                                                            
20004f78  slOverride                                                                
20004f79  rxFifoFlowCtrl                                                            
20004f7a  numTxDataBufs                                                             
20004f7b  maxNumConns                                                               
20004f7c  smTaskID                                                                  
20004f7d  SM_appExpectingKey                                                        
20004f80  ECC_DATA$$Base                                                            
20004f80  eccRom_param_Gx                                                           
20004f84  eccRom_param_Gy                                                           
20004f88  eccRom_workzone                                                           
20004f8c  eccRom_param_p                                                            
20004f90  eccRom_param_r                                                            
20004f94  eccRom_param_a                                                            
20004f98  eccRom_param_b                                                            
20004f9c  eccRom_windowSize                                                         
20004fa0  aux64                                                                     
20004fa8  MOD                                                                       
20004fac  LEN                                                                       
20004fb0  inScalar                                                                  
20004fb4  inPointX                                                                  
20004fb8  inPointY                                                                  
20004fbc  outPointX                                                                 
20004fc0  outPointY                                                                 
20004fc4  SCAL                                                                      
20004fc8  EXPX                                                                      
20004fcc  EXPY                                                                      
20004fd0  EXPZ                                                                      
20004fd4  EXPW                                                                      
20004fd8  ACCX                                                                      
20004fdc  ACCY                                                                      
20004fe0  ACCZ                                                                      
20004fe4  TMP1                                                                      
20004fe8  TMP2                                                                      
20004fec  TMP3                                                                      
20004ff0  TMP4                                                                      
20004ff4  TMP5                                                                      
20004ff8  TMP6                                                                      
20004ffc  MSBMOD                                                                    
20005000  ECC_DATA$$Limit                                                           
20005000  __UNUSED_SRAM_end__                                                       
e000e000  ti_sysbios_family_arm_m3_Hwi_nvic                                         
ffffffff  __TI_pprof_out_hndl                                                       
ffffffff  __TI_prof_data_size                                                       
ffffffff  __TI_prof_data_start                                                      
ffffffff  __binit__                                                                 
ffffffff  __c_args__                                                                
ffffffff  binit                                                                     
UNDEFED   SHT$$INIT_ARRAY$$Base                                                     
UNDEFED   SHT$$INIT_ARRAY$$Limit                                                    

[2348 symbols]
